[bnbfaucetminer.online/index.html]
[bnbfaucetminer.online/static/media/twitter1.png]
[bnbfaucetminer.online/manifest.json]
[backblue.gif]
[fade.gif]
[index.html]
[bnbfaucetminer.online/static/css/main.562af2e3.chunk.css]
[bnbfaucetminer.online/static/css/2.c0aa52ac.chunk.css]
[bnbfaucetminer.online/index.html]
[bnbfaucetminer.online/static/css/2.c0aa52ac.chunk.css]
[bnbfaucetminer.online/static/css/main.562af2e3.chunk.css]
[bnbfaucetminer.online/static/js/2.a3fa520d.chunk.js]
[bnbfaucetminer.online/static/js/main.ffad696d312.chunk.js]
[bnbfaucetminer.online/$&/index.html]
[bnbfaucetminer.online/e.6.delayed]
[bnbfaucetminer.online/POST]
[bnbfaucetminer.online/ABCDEFGHIJKLMNOPQRSTUVWXYZabcdefghijklmnopqrstuvwxyz0123456789+/index.html]
[bnbfaucetminer.online/static/js/2.a3fa520d.chunk.js]
[bnbfaucetminer.online/static/js/main.ffad696d312.chunk.js]
[bnbfaucetminer.online/$&/index.html]
[bnbfaucetminer.online/ABCDEFGHIJKLMNOPQRSTUVWXYZabcdefghijklmnopqrstuvwxyz0123456789+/index.html]
[bnbfaucetminer.online/e.html]
[bnbfaucetminer.online/POST.html]
[bnbfaucetminer.online/static/images/wallet/index.html]
[bnbfaucetminer.online/index2a73.html]
[bnbfaucetminer.online/index2a73.html]
[bnbfaucetminer.online/static/images/wallet/index.html]
